
> temp-app@0.1.0 build
> next build

node.exe : [@sentry/nextjs] 
DEPRECATION WARNING: disableLogger 
is deprecated and will be removed in 
a future version. Use 
webpack.treeshake.removeDebugLogging 
instead.
At line:1 char:1
+ & "C:\Program 
Files\nodejs/node.exe" "C:\Program 
Files\nodejs/node_mo ...
+ ~~~~~~~~~~~~~~~~~~~~~~~~~~~~~~~~~~~
~~~~~~~~~~~~~~~~~~~~~~~~~~~~~~~~~~
    + CategoryInfo          : NotSpe 
   cified: ([@sentry/nextjs...oggin  
  g instead.:String) [], RemoteExc   
 eption
    + FullyQualifiedErrorId : Native 
   CommandError
 
[@sentry/nextjs] DEPRECATION 
WARNING: automaticVercelMonitors is 
deprecated and will be removed in a 
future version. Use 
webpack.automaticVercelMonitors 
instead.
   Γû▓ Next.js 16.0.10 (Turbopack)
   - Environments: .env.local
   - Experiments (use with caution):
     ┬╖ clientTraceMetadata

 ΓÜá The "middleware" file 
convention is deprecated. Please use 
"proxy" instead. Learn more: https://
nextjs.org/docs/messages/middleware-t
o-proxy
   Creating an optimized production build ...
[@sentry/nextjs] DEPRECATION 
WARNING: disableLogger is deprecated 
and will be removed in a future 
version. Use 
webpack.treeshake.removeDebugLogging 
instead.
[@sentry/nextjs] DEPRECATION 
WARNING: automaticVercelMonitors is 
deprecated and will be removed in a 
future version. Use 
webpack.automaticVercelMonitors 
instead.
 Γ£ô Compiled successfully in 64s
   Running next.config.js provided runAfterProductionCompile ...
 Γ£ô Completed runAfterProductionCompile in 32605ms
   Running TypeScript ...
Failed to compile.

./src/components/ui/floating-navbar.t
sx:19:12
Type error: Cannot find namespace 
'JSX'.

[0m [90m 17 |[39m     
name[33m:[39m string[33m;[39m
 [90m 18 |[39m     link[33m:[39m 
string[33m;[39m
[31m[1m>[22m[39m[90m 19 |[39m  
   icon[33m?[39m[33m:[39m [33mJS
X[39m[33m.[39m[33mElement[39m[3
3m;[39m
 [90m    |[39m            
[31m[1m^[22m[39m
 [90m 20 |[39m   }[][33m;[39m
 [90m 21 |[39m   
className[33m?[39m[33m:[39m 
string[33m;[39m
 [90m 22 |[39m }) [33m=>[39m 
{[0m
Next.js build worker exited with 
code: 1 and signal: null
