src/app/timetable/syllabus-actions.ts(22,54): error TS2339: Property 'default' does not exist on type 'typeof import("C:/Users/Administrator/OneDrive/Desktop/vandae v4/node_modules/pdf-parse/dist/pdf-parse/esm/index")'.
src/components/assignments/add-task-dialog.tsx(49,9): error TS2322: Type 'Resolver<{ title: string; description?: string | undefined; dueDate?: string | undefined; priority?: string | undefined; category?: string | undefined; }, any, { title: string; priority: string; description?: string | undefined; dueDate?: string | undefined; category?: string | undefined; }>' is not assignable to type 'Resolver<{ title: string; priority: string; description?: string | undefined; dueDate?: string | undefined; category?: string | undefined; }, any, { title: string; priority: string; description?: string | undefined; dueDate?: string | undefined; category?: string | undefined; }>'.
  Types of parameters 'options' and 'options' are incompatible.
    Type 'ResolverOptions<{ title: string; priority: string; description?: string | undefined; dueDate?: string | undefined; category?: string | undefined; }>' is not assignable to type 'ResolverOptions<{ title: string; description?: string | undefined; dueDate?: string | undefined; priority?: string | undefined; category?: string | undefined; }>'.
      Type 'string | undefined' is not assignable to type 'string'.
        Type 'undefined' is not assignable to type 'string'.
src/components/assignments/add-task-dialog.tsx(87,55): error TS2345: Argument of type '(values: { title: string; priority: string; description?: string | undefined; dueDate?: string | undefined; category?: string | undefined; }) => Promise<void>' is not assignable to parameter of type 'SubmitHandler<TFieldValues>'.
  Types of parameters 'values' and 'data' are incompatible.
    Type 'TFieldValues' is not assignable to type '{ title: string; priority: string; description?: string | undefined; dueDate?: string | undefined; category?: string | undefined; }'.
      Type 'FieldValues' is missing the following properties from type '{ title: string; priority: string; description?: string | undefined; dueDate?: string | undefined; category?: string | undefined; }': title, priority
src/components/assignments/add-task-dialog.tsx(89,29): error TS2322: Type 'Control<{ title: string; priority: string; description?: string | undefined; dueDate?: string | undefined; category?: string | undefined; }, any, TFieldValues>' is not assignable to type 'Control<{ title: string; priority: string; description?: string | undefined; dueDate?: string | undefined; category?: string | undefined; }, any, { title: string; priority: string; description?: string | undefined; dueDate?: string | undefined; category?: string | undefined; }>'.
  The types of '_options.resolver' are incompatible between these types.
    Type 'Resolver<{ title: string; priority: string; description?: string | undefined; dueDate?: string | undefined; category?: string | undefined; }, any, TFieldValues> | undefined' is not assignable to type 'Resolver<{ title: string; priority: string; description?: string | undefined; dueDate?: string | undefined; category?: string | undefined; }, any, { title: string; priority: string; description?: string | undefined; dueDate?: string | undefined; category?: string | undefined; }> | undefined'.
      Type 'Resolver<{ title: string; priority: string; description?: string | undefined; dueDate?: string | undefined; category?: string | undefined; }, any, TFieldValues>' is not assignable to type 'Resolver<{ title: string; priority: string; description?: string | undefined; dueDate?: string | undefined; category?: string | undefined; }, any, { title: string; priority: string; description?: string | undefined; dueDate?: string | undefined; category?: string | undefined; }>'.
        Type 'ResolverResult<{ title: string; priority: string; description?: string | undefined; dueDate?: string | undefined; category?: string | undefined; }, TFieldValues> | Promise<...>' is not assignable to type 'ResolverResult<{ title: string; priority: string; description?: string | undefined; dueDate?: string | undefined; category?: string | undefined; }, { title: string; priority: string; description?: string | undefined; dueDate?: string | undefined; category?: string | undefined; }> | Promise<...>'.
          Type 'ResolverSuccess<TFieldValues>' is not assignable to type 'ResolverResult<{ title: string; priority: string; description?: string | undefined; dueDate?: string | undefined; category?: string | undefined; }, { title: string; priority: string; description?: string | undefined; dueDate?: string | undefined; category?: string | undefined; }> | Promise<...>'.
            Type 'ResolverSuccess<TFieldValues>' is not assignable to type 'ResolverSuccess<{ title: string; priority: string; description?: string | undefined; dueDate?: string | undefined; category?: string | undefined; }>'.
              Type 'TFieldValues' is not assignable to type '{ title: string; priority: string; description?: string | undefined; dueDate?: string | undefined; category?: string | undefined; }'.
                Type 'FieldValues' is missing the following properties from type '{ title: string; priority: string; description?: string | undefined; dueDate?: string | undefined; category?: string | undefined; }': title, priority
src/components/assignments/add-task-dialog.tsx(103,29): error TS2322: Type 'Control<{ title: string; priority: string; description?: string | undefined; dueDate?: string | undefined; category?: string | undefined; }, any, TFieldValues>' is not assignable to type 'Control<{ title: string; priority: string; description?: string | undefined; dueDate?: string | undefined; category?: string | undefined; }, any, { title: string; priority: string; description?: string | undefined; dueDate?: string | undefined; category?: string | undefined; }>'.
  The types of '_options.resolver' are incompatible between these types.
    Type 'Resolver<{ title: string; priority: string; description?: string | undefined; dueDate?: string | undefined; category?: string | undefined; }, any, TFieldValues> | undefined' is not assignable to type 'Resolver<{ title: string; priority: string; description?: string | undefined; dueDate?: string | undefined; category?: string | undefined; }, any, { title: string; priority: string; description?: string | undefined; dueDate?: string | undefined; category?: string | undefined; }> | undefined'.
      Type 'Resolver<{ title: string; priority: string; description?: string | undefined; dueDate?: string | undefined; category?: string | undefined; }, any, TFieldValues>' is not assignable to type 'Resolver<{ title: string; priority: string; description?: string | undefined; dueDate?: string | undefined; category?: string | undefined; }, any, { title: string; priority: string; description?: string | undefined; dueDate?: string | undefined; category?: string | undefined; }>'.
        Type 'ResolverResult<{ title: string; priority: string; description?: string | undefined; dueDate?: string | undefined; category?: string | undefined; }, TFieldValues> | Promise<...>' is not assignable to type 'ResolverResult<{ title: string; priority: string; description?: string | undefined; dueDate?: string | undefined; category?: string | undefined; }, { title: string; priority: string; description?: string | undefined; dueDate?: string | undefined; category?: string | undefined; }> | Promise<...>'.
          Type 'ResolverSuccess<TFieldValues>' is not assignable to type 'ResolverResult<{ title: string; priority: string; description?: string | undefined; dueDate?: string | undefined; category?: string | undefined; }, { title: string; priority: string; description?: string | undefined; dueDate?: string | undefined; category?: string | undefined; }> | Promise<...>'.
            Type 'ResolverSuccess<TFieldValues>' is not assignable to type 'ResolverSuccess<{ title: string; priority: string; description?: string | undefined; dueDate?: string | undefined; category?: string | undefined; }>'.
              Type 'TFieldValues' is not assignable to type '{ title: string; priority: string; description?: string | undefined; dueDate?: string | undefined; category?: string | undefined; }'.
                Type 'FieldValues' is missing the following properties from type '{ title: string; priority: string; description?: string | undefined; dueDate?: string | undefined; category?: string | undefined; }': title, priority
src/components/assignments/add-task-dialog.tsx(118,33): error TS2322: Type 'Control<{ title: string; priority: string; description?: string | undefined; dueDate?: string | undefined; category?: string | undefined; }, any, TFieldValues>' is not assignable to type 'Control<{ title: string; priority: string; description?: string | undefined; dueDate?: string | undefined; category?: string | undefined; }, any, { title: string; priority: string; description?: string | undefined; dueDate?: string | undefined; category?: string | undefined; }>'.
  The types of '_options.resolver' are incompatible between these types.
    Type 'Resolver<{ title: string; priority: string; description?: string | undefined; dueDate?: string | undefined; category?: string | undefined; }, any, TFieldValues> | undefined' is not assignable to type 'Resolver<{ title: string; priority: string; description?: string | undefined; dueDate?: string | undefined; category?: string | undefined; }, any, { title: string; priority: string; description?: string | undefined; dueDate?: string | undefined; category?: string | undefined; }> | undefined'.
      Type 'Resolver<{ title: string; priority: string; description?: string | undefined; dueDate?: string | undefined; category?: string | undefined; }, any, TFieldValues>' is not assignable to type 'Resolver<{ title: string; priority: string; description?: string | undefined; dueDate?: string | undefined; category?: string | undefined; }, any, { title: string; priority: string; description?: string | undefined; dueDate?: string | undefined; category?: string | undefined; }>'.
        Type 'ResolverResult<{ title: string; priority: string; description?: string | undefined; dueDate?: string | undefined; category?: string | undefined; }, TFieldValues> | Promise<...>' is not assignable to type 'ResolverResult<{ title: string; priority: string; description?: string | undefined; dueDate?: string | undefined; category?: string | undefined; }, { title: string; priority: string; description?: string | undefined; dueDate?: string | undefined; category?: string | undefined; }> | Promise<...>'.
          Type 'ResolverSuccess<TFieldValues>' is not assignable to type 'ResolverResult<{ title: string; priority: string; description?: string | undefined; dueDate?: string | undefined; category?: string | undefined; }, { title: string; priority: string; description?: string | undefined; dueDate?: string | undefined; category?: string | undefined; }> | Promise<...>'.
            Type 'ResolverSuccess<TFieldValues>' is not assignable to type 'ResolverSuccess<{ title: string; priority: string; description?: string | undefined; dueDate?: string | undefined; category?: string | undefined; }>'.
              Type 'TFieldValues' is not assignable to type '{ title: string; priority: string; description?: string | undefined; dueDate?: string | undefined; category?: string | undefined; }'.
                Type 'FieldValues' is missing the following properties from type '{ title: string; priority: string; description?: string | undefined; dueDate?: string | undefined; category?: string | undefined; }': title, priority
src/components/assignments/add-task-dialog.tsx(131,33): error TS2322: Type 'Control<{ title: string; priority: string; description?: string | undefined; dueDate?: string | undefined; category?: string | undefined; }, any, TFieldValues>' is not assignable to type 'Control<{ title: string; priority: string; description?: string | undefined; dueDate?: string | undefined; category?: string | undefined; }, any, { title: string; priority: string; description?: string | undefined; dueDate?: string | undefined; category?: string | undefined; }>'.
  The types of '_options.resolver' are incompatible between these types.
    Type 'Resolver<{ title: string; priority: string; description?: string | undefined; dueDate?: string | undefined; category?: string | undefined; }, any, TFieldValues> | undefined' is not assignable to type 'Resolver<{ title: string; priority: string; description?: string | undefined; dueDate?: string | undefined; category?: string | undefined; }, any, { title: string; priority: string; description?: string | undefined; dueDate?: string | undefined; category?: string | undefined; }> | undefined'.
      Type 'Resolver<{ title: string; priority: string; description?: string | undefined; dueDate?: string | undefined; category?: string | undefined; }, any, TFieldValues>' is not assignable to type 'Resolver<{ title: string; priority: string; description?: string | undefined; dueDate?: string | undefined; category?: string | undefined; }, any, { title: string; priority: string; description?: string | undefined; dueDate?: string | undefined; category?: string | undefined; }>'.
        Type 'ResolverResult<{ title: string; priority: string; description?: string | undefined; dueDate?: string | undefined; category?: string | undefined; }, TFieldValues> | Promise<...>' is not assignable to type 'ResolverResult<{ title: string; priority: string; description?: string | undefined; dueDate?: string | undefined; category?: string | undefined; }, { title: string; priority: string; description?: string | undefined; dueDate?: string | undefined; category?: string | undefined; }> | Promise<...>'.
          Type 'ResolverSuccess<TFieldValues>' is not assignable to type 'ResolverResult<{ title: string; priority: string; description?: string | undefined; dueDate?: string | undefined; category?: string | undefined; }, { title: string; priority: string; description?: string | undefined; dueDate?: string | undefined; category?: string | undefined; }> | Promise<...>'.
            Type 'ResolverSuccess<TFieldValues>' is not assignable to type 'ResolverSuccess<{ title: string; priority: string; description?: string | undefined; dueDate?: string | undefined; category?: string | undefined; }>'.
              Type 'TFieldValues' is not assignable to type '{ title: string; priority: string; description?: string | undefined; dueDate?: string | undefined; category?: string | undefined; }'.
                Type 'FieldValues' is missing the following properties from type '{ title: string; priority: string; description?: string | undefined; dueDate?: string | undefined; category?: string | undefined; }': title, priority
src/components/assignments/add-task-dialog.tsx(155,29): error TS2322: Type 'Control<{ title: string; priority: string; description?: string | undefined; dueDate?: string | undefined; category?: string | undefined; }, any, TFieldValues>' is not assignable to type 'Control<{ title: string; priority: string; description?: string | undefined; dueDate?: string | undefined; category?: string | undefined; }, any, { title: string; priority: string; description?: string | undefined; dueDate?: string | undefined; category?: string | undefined; }>'.
  The types of '_options.resolver' are incompatible between these types.
    Type 'Resolver<{ title: string; priority: string; description?: string | undefined; dueDate?: string | undefined; category?: string | undefined; }, any, TFieldValues> | undefined' is not assignable to type 'Resolver<{ title: string; priority: string; description?: string | undefined; dueDate?: string | undefined; category?: string | undefined; }, any, { title: string; priority: string; description?: string | undefined; dueDate?: string | undefined; category?: string | undefined; }> | undefined'.
      Type 'Resolver<{ title: string; priority: string; description?: string | undefined; dueDate?: string | undefined; category?: string | undefined; }, any, TFieldValues>' is not assignable to type 'Resolver<{ title: string; priority: string; description?: string | undefined; dueDate?: string | undefined; category?: string | undefined; }, any, { title: string; priority: string; description?: string | undefined; dueDate?: string | undefined; category?: string | undefined; }>'.
        Type 'ResolverResult<{ title: string; priority: string; description?: string | undefined; dueDate?: string | undefined; category?: string | undefined; }, TFieldValues> | Promise<...>' is not assignable to type 'ResolverResult<{ title: string; priority: string; description?: string | undefined; dueDate?: string | undefined; category?: string | undefined; }, { title: string; priority: string; description?: string | undefined; dueDate?: string | undefined; category?: string | undefined; }> | Promise<...>'.
          Type 'ResolverSuccess<TFieldValues>' is not assignable to type 'ResolverResult<{ title: string; priority: string; description?: string | undefined; dueDate?: string | undefined; category?: string | undefined; }, { title: string; priority: string; description?: string | undefined; dueDate?: string | undefined; category?: string | undefined; }> | Promise<...>'.
            Type 'ResolverSuccess<TFieldValues>' is not assignable to type 'ResolverSuccess<{ title: string; priority: string; description?: string | undefined; dueDate?: string | undefined; category?: string | undefined; }>'.
              Type 'TFieldValues' is not assignable to type '{ title: string; priority: string; description?: string | undefined; dueDate?: string | undefined; category?: string | undefined; }'.
                Type 'FieldValues' is missing the following properties from type '{ title: string; priority: string; description?: string | undefined; dueDate?: string | undefined; category?: string | undefined; }': title, priority
src/components/community/create-community-dialog.tsx(44,9): error TS2322: Type 'Resolver<{ name: string; description: string; topicTag: string; isPrivate?: boolean | undefined; }, any, { name: string; description: string; topicTag: string; isPrivate: boolean; }>' is not assignable to type 'Resolver<{ name: string; description: string; topicTag: string; isPrivate: boolean; }, any, { name: string; description: string; topicTag: string; isPrivate: boolean; }>'.
  Types of parameters 'options' and 'options' are incompatible.
    Type 'ResolverOptions<{ name: string; description: string; topicTag: string; isPrivate: boolean; }>' is not assignable to type 'ResolverOptions<{ name: string; description: string; topicTag: string; isPrivate?: boolean | undefined; }>'.
      Type 'boolean | undefined' is not assignable to type 'boolean'.
        Type 'undefined' is not assignable to type 'boolean'.
src/components/community/create-community-dialog.tsx(79,55): error TS2345: Argument of type '(values: { name: string; description: string; topicTag: string; isPrivate: boolean; }) => Promise<void>' is not assignable to parameter of type 'SubmitHandler<TFieldValues>'.
  Types of parameters 'values' and 'data' are incompatible.
    Type 'TFieldValues' is not assignable to type '{ name: string; description: string; topicTag: string; isPrivate: boolean; }'.
      Type 'FieldValues' is missing the following properties from type '{ name: string; description: string; topicTag: string; isPrivate: boolean; }': name, description, topicTag, isPrivate
src/components/community/create-community-dialog.tsx(81,29): error TS2322: Type 'Control<{ name: string; description: string; topicTag: string; isPrivate: boolean; }, any, TFieldValues>' is not assignable to type 'Control<{ name: string; description: string; topicTag: string; isPrivate: boolean; }, any, { name: string; description: string; topicTag: string; isPrivate: boolean; }>'.
  The types of '_options.resolver' are incompatible between these types.
    Type 'Resolver<{ name: string; description: string; topicTag: string; isPrivate: boolean; }, any, TFieldValues> | undefined' is not assignable to type 'Resolver<{ name: string; description: string; topicTag: string; isPrivate: boolean; }, any, { name: string; description: string; topicTag: string; isPrivate: boolean; }> | undefined'.
      Type 'Resolver<{ name: string; description: string; topicTag: string; isPrivate: boolean; }, any, TFieldValues>' is not assignable to type 'Resolver<{ name: string; description: string; topicTag: string; isPrivate: boolean; }, any, { name: string; description: string; topicTag: string; isPrivate: boolean; }>'.
        Type 'ResolverResult<{ name: string; description: string; topicTag: string; isPrivate: boolean; }, TFieldValues> | Promise<ResolverResult<{ name: string; description: string; topicTag: string; isPrivate: boolean; }, TFieldValues>>' is not assignable to type 'ResolverResult<{ name: string; description: string; topicTag: string; isPrivate: boolean; }, { name: string; description: string; topicTag: string; isPrivate: boolean; }> | Promise<...>'.
          Type 'ResolverSuccess<TFieldValues>' is not assignable to type 'ResolverResult<{ name: string; description: string; topicTag: string; isPrivate: boolean; }, { name: string; description: string; topicTag: string; isPrivate: boolean; }> | Promise<...>'.
            Type 'ResolverSuccess<TFieldValues>' is not assignable to type 'ResolverSuccess<{ name: string; description: string; topicTag: string; isPrivate: boolean; }>'.
              Type 'TFieldValues' is not assignable to type '{ name: string; description: string; topicTag: string; isPrivate: boolean; }'.
                Type 'FieldValues' is missing the following properties from type '{ name: string; description: string; topicTag: string; isPrivate: boolean; }': name, description, topicTag, isPrivate
src/components/community/create-community-dialog.tsx(94,29): error TS2322: Type 'Control<{ name: string; description: string; topicTag: string; isPrivate: boolean; }, any, TFieldValues>' is not assignable to type 'Control<{ name: string; description: string; topicTag: string; isPrivate: boolean; }, any, { name: string; description: string; topicTag: string; isPrivate: boolean; }>'.
  The types of '_options.resolver' are incompatible between these types.
    Type 'Resolver<{ name: string; description: string; topicTag: string; isPrivate: boolean; }, any, TFieldValues> | undefined' is not assignable to type 'Resolver<{ name: string; description: string; topicTag: string; isPrivate: boolean; }, any, { name: string; description: string; topicTag: string; isPrivate: boolean; }> | undefined'.
      Type 'Resolver<{ name: string; description: string; topicTag: string; isPrivate: boolean; }, any, TFieldValues>' is not assignable to type 'Resolver<{ name: string; description: string; topicTag: string; isPrivate: boolean; }, any, { name: string; description: string; topicTag: string; isPrivate: boolean; }>'.
        Type 'ResolverResult<{ name: string; description: string; topicTag: string; isPrivate: boolean; }, TFieldValues> | Promise<ResolverResult<{ name: string; description: string; topicTag: string; isPrivate: boolean; }, TFieldValues>>' is not assignable to type 'ResolverResult<{ name: string; description: string; topicTag: string; isPrivate: boolean; }, { name: string; description: string; topicTag: string; isPrivate: boolean; }> | Promise<...>'.
          Type 'ResolverSuccess<TFieldValues>' is not assignable to type 'ResolverResult<{ name: string; description: string; topicTag: string; isPrivate: boolean; }, { name: string; description: string; topicTag: string; isPrivate: boolean; }> | Promise<...>'.
            Type 'ResolverSuccess<TFieldValues>' is not assignable to type 'ResolverSuccess<{ name: string; description: string; topicTag: string; isPrivate: boolean; }>'.
              Type 'TFieldValues' is not assignable to type '{ name: string; description: string; topicTag: string; isPrivate: boolean; }'.
                Type 'FieldValues' is missing the following properties from type '{ name: string; description: string; topicTag: string; isPrivate: boolean; }': name, description, topicTag, isPrivate
src/components/community/create-community-dialog.tsx(107,29): error TS2322: Type 'Control<{ name: string; description: string; topicTag: string; isPrivate: boolean; }, any, TFieldValues>' is not assignable to type 'Control<{ name: string; description: string; topicTag: string; isPrivate: boolean; }, any, { name: string; description: string; topicTag: string; isPrivate: boolean; }>'.
  The types of '_options.resolver' are incompatible between these types.
    Type 'Resolver<{ name: string; description: string; topicTag: string; isPrivate: boolean; }, any, TFieldValues> | undefined' is not assignable to type 'Resolver<{ name: string; description: string; topicTag: string; isPrivate: boolean; }, any, { name: string; description: string; topicTag: string; isPrivate: boolean; }> | undefined'.
      Type 'Resolver<{ name: string; description: string; topicTag: string; isPrivate: boolean; }, any, TFieldValues>' is not assignable to type 'Resolver<{ name: string; description: string; topicTag: string; isPrivate: boolean; }, any, { name: string; description: string; topicTag: string; isPrivate: boolean; }>'.
        Type 'ResolverResult<{ name: string; description: string; topicTag: string; isPrivate: boolean; }, TFieldValues> | Promise<ResolverResult<{ name: string; description: string; topicTag: string; isPrivate: boolean; }, TFieldValues>>' is not assignable to type 'ResolverResult<{ name: string; description: string; topicTag: string; isPrivate: boolean; }, { name: string; description: string; topicTag: string; isPrivate: boolean; }> | Promise<...>'.
          Type 'ResolverSuccess<TFieldValues>' is not assignable to type 'ResolverResult<{ name: string; description: string; topicTag: string; isPrivate: boolean; }, { name: string; description: string; topicTag: string; isPrivate: boolean; }> | Promise<...>'.
            Type 'ResolverSuccess<TFieldValues>' is not assignable to type 'ResolverSuccess<{ name: string; description: string; topicTag: string; isPrivate: boolean; }>'.
              Type 'TFieldValues' is not assignable to type '{ name: string; description: string; topicTag: string; isPrivate: boolean; }'.
                Type 'FieldValues' is missing the following properties from type '{ name: string; description: string; topicTag: string; isPrivate: boolean; }': name, description, topicTag, isPrivate
src/components/community/create-community-dialog.tsx(123,29): error TS2322: Type 'Control<{ name: string; description: string; topicTag: string; isPrivate: boolean; }, any, TFieldValues>' is not assignable to type 'Control<{ name: string; description: string; topicTag: string; isPrivate: boolean; }, any, { name: string; description: string; topicTag: string; isPrivate: boolean; }>'.
  The types of '_options.resolver' are incompatible between these types.
    Type 'Resolver<{ name: string; description: string; topicTag: string; isPrivate: boolean; }, any, TFieldValues> | undefined' is not assignable to type 'Resolver<{ name: string; description: string; topicTag: string; isPrivate: boolean; }, any, { name: string; description: string; topicTag: string; isPrivate: boolean; }> | undefined'.
      Type 'Resolver<{ name: string; description: string; topicTag: string; isPrivate: boolean; }, any, TFieldValues>' is not assignable to type 'Resolver<{ name: string; description: string; topicTag: string; isPrivate: boolean; }, any, { name: string; description: string; topicTag: string; isPrivate: boolean; }>'.
        Type 'ResolverResult<{ name: string; description: string; topicTag: string; isPrivate: boolean; }, TFieldValues> | Promise<ResolverResult<{ name: string; description: string; topicTag: string; isPrivate: boolean; }, TFieldValues>>' is not assignable to type 'ResolverResult<{ name: string; description: string; topicTag: string; isPrivate: boolean; }, { name: string; description: string; topicTag: string; isPrivate: boolean; }> | Promise<...>'.
          Type 'ResolverSuccess<TFieldValues>' is not assignable to type 'ResolverResult<{ name: string; description: string; topicTag: string; isPrivate: boolean; }, { name: string; description: string; topicTag: string; isPrivate: boolean; }> | Promise<...>'.
            Type 'ResolverSuccess<TFieldValues>' is not assignable to type 'ResolverSuccess<{ name: string; description: string; topicTag: string; isPrivate: boolean; }>'.
              Type 'TFieldValues' is not assignable to type '{ name: string; description: string; topicTag: string; isPrivate: boolean; }'.
                Type 'FieldValues' is missing the following properties from type '{ name: string; description: string; topicTag: string; isPrivate: boolean; }': name, description, topicTag, isPrivate
src/components/community/invite-member-dialog.tsx(11,29): error TS2307: Cannot find module '@/hooks/use-debounce' or its corresponding type declarations.
src/components/inbox/inbox-message-list.tsx(74,30): error TS2352: Conversion of type '({ channelId: string; otherUser: { id: any; full_name: any; avatar_url: any; }[]; lastMessage: any; unreadCount: any; } | null)[]' to type 'MessagePreview[]' may be a mistake because neither type sufficiently overlaps with the other. If this was intentional, convert the expression to 'unknown' first.
  Type '{ channelId: string; otherUser: { id: any; full_name: any; avatar_url: any; }[]; lastMessage: any; unreadCount: any; } | null' is not comparable to type 'MessagePreview'.
    Type '{ channelId: string; otherUser: { id: any; full_name: any; avatar_url: any; }[]; lastMessage: any; unreadCount: any; }' is not comparable to type 'MessagePreview'.
      Types of property 'otherUser' are incompatible.
        Type '{ id: any; full_name: any; avatar_url: any; }[]' is missing the following properties from type '{ id: string; full_name: string; avatar_url: string | null; }': id, full_name, avatar_url
src/components/timetable/add-event-dialog.tsx(72,9): error TS2322: Type 'Resolver<{ title: string; dayOfWeek: string; startTime: string; endTime: string; location?: string | undefined; color?: string | undefined; isRecurring?: boolean | undefined; }, any, { title: string; ... 5 more ...; location?: string | undefined; }>' is not assignable to type 'Resolver<{ title: string; dayOfWeek: string; startTime: string; endTime: string; color: string; isRecurring: boolean; location?: string | undefined; }, any, { title: string; dayOfWeek: string; startTime: string; endTime: string; color: string; isRecurring: boolean; location?: string | undefined; }>'.
  Types of parameters 'options' and 'options' are incompatible.
    Type 'ResolverOptions<{ title: string; dayOfWeek: string; startTime: string; endTime: string; color: string; isRecurring: boolean; location?: string | undefined; }>' is not assignable to type 'ResolverOptions<{ title: string; dayOfWeek: string; startTime: string; endTime: string; location?: string | undefined; color?: string | undefined; isRecurring?: boolean | undefined; }>'.
      Type 'string | undefined' is not assignable to type 'string'.
        Type 'undefined' is not assignable to type 'string'.
src/components/timetable/add-event-dialog.tsx(175,55): error TS2345: Argument of type '(values: { title: string; dayOfWeek: string; startTime: string; endTime: string; color: string; isRecurring: boolean; location?: string | undefined; }) => Promise<void>' is not assignable to parameter of type 'SubmitHandler<TFieldValues>'.
  Types of parameters 'values' and 'data' are incompatible.
    Type 'TFieldValues' is not assignable to type '{ title: string; dayOfWeek: string; startTime: string; endTime: string; color: string; isRecurring: boolean; location?: string | undefined; }'.
      Type 'FieldValues' is missing the following properties from type '{ title: string; dayOfWeek: string; startTime: string; endTime: string; color: string; isRecurring: boolean; location?: string | undefined; }': title, dayOfWeek, startTime, endTime, and 2 more.
src/components/timetable/add-event-dialog.tsx(177,29): error TS2322: Type 'Control<{ title: string; dayOfWeek: string; startTime: string; endTime: string; color: string; isRecurring: boolean; location?: string | undefined; }, any, TFieldValues>' is not assignable to type 'Control<{ title: string; dayOfWeek: string; startTime: string; endTime: string; color: string; isRecurring: boolean; location?: string | undefined; }, any, { title: string; dayOfWeek: string; startTime: string; endTime: string; color: string; isRecurring: boolean; location?: string | undefined; }>'.
  The types of '_options.resolver' are incompatible between these types.
    Type 'Resolver<{ title: string; dayOfWeek: string; startTime: string; endTime: string; color: string; isRecurring: boolean; location?: string | undefined; }, any, TFieldValues> | undefined' is not assignable to type 'Resolver<{ title: string; dayOfWeek: string; startTime: string; endTime: string; color: string; isRecurring: boolean; location?: string | undefined; }, any, { title: string; dayOfWeek: string; startTime: string; endTime: string; color: string; isRecurring: boolean; location?: string | undefined; }> | undefined'.
      Type 'Resolver<{ title: string; dayOfWeek: string; startTime: string; endTime: string; color: string; isRecurring: boolean; location?: string | undefined; }, any, TFieldValues>' is not assignable to type 'Resolver<{ title: string; dayOfWeek: string; startTime: string; endTime: string; color: string; isRecurring: boolean; location?: string | undefined; }, any, { title: string; dayOfWeek: string; startTime: string; endTime: string; color: string; isRecurring: boolean; location?: string | undefined; }>'.
        Type 'ResolverResult<{ title: string; dayOfWeek: string; startTime: string; endTime: string; color: string; isRecurring: boolean; location?: string | undefined; }, TFieldValues> | Promise<...>' is not assignable to type 'ResolverResult<{ title: string; dayOfWeek: string; startTime: string; endTime: string; color: string; isRecurring: boolean; location?: string | undefined; }, { title: string; dayOfWeek: string; startTime: string; endTime: string; color: string; isRecurring: boolean; location?: string | undefined; }> | Promise<...>'.
          Type 'ResolverSuccess<TFieldValues>' is not assignable to type 'ResolverResult<{ title: string; dayOfWeek: string; startTime: string; endTime: string; color: string; isRecurring: boolean; location?: string | undefined; }, { title: string; dayOfWeek: string; startTime: string; endTime: string; color: string; isRecurring: boolean; location?: string | undefined; }> | Promise<...>'.
            Type 'ResolverSuccess<TFieldValues>' is not assignable to type 'ResolverSuccess<{ title: string; dayOfWeek: string; startTime: string; endTime: string; color: string; isRecurring: boolean; location?: string | undefined; }>'.
              Type 'TFieldValues' is not assignable to type '{ title: string; dayOfWeek: string; startTime: string; endTime: string; color: string; isRecurring: boolean; location?: string | undefined; }'.
                Type 'FieldValues' is missing the following properties from type '{ title: string; dayOfWeek: string; startTime: string; endTime: string; color: string; isRecurring: boolean; location?: string | undefined; }': title, dayOfWeek, startTime, endTime, and 2 more.
src/components/timetable/add-event-dialog.tsx(192,33): error TS2322: Type 'Control<{ title: string; dayOfWeek: string; startTime: string; endTime: string; color: string; isRecurring: boolean; location?: string | undefined; }, any, TFieldValues>' is not assignable to type 'Control<{ title: string; dayOfWeek: string; startTime: string; endTime: string; color: string; isRecurring: boolean; location?: string | undefined; }, any, { title: string; dayOfWeek: string; startTime: string; endTime: string; color: string; isRecurring: boolean; location?: string | undefined; }>'.
  The types of '_options.resolver' are incompatible between these types.
    Type 'Resolver<{ title: string; dayOfWeek: string; startTime: string; endTime: string; color: string; isRecurring: boolean; location?: string | undefined; }, any, TFieldValues> | undefined' is not assignable to type 'Resolver<{ title: string; dayOfWeek: string; startTime: string; endTime: string; color: string; isRecurring: boolean; location?: string | undefined; }, any, { title: string; dayOfWeek: string; startTime: string; endTime: string; color: string; isRecurring: boolean; location?: string | undefined; }> | undefined'.
      Type 'Resolver<{ title: string; dayOfWeek: string; startTime: string; endTime: string; color: string; isRecurring: boolean; location?: string | undefined; }, any, TFieldValues>' is not assignable to type 'Resolver<{ title: string; dayOfWeek: string; startTime: string; endTime: string; color: string; isRecurring: boolean; location?: string | undefined; }, any, { title: string; dayOfWeek: string; startTime: string; endTime: string; color: string; isRecurring: boolean; location?: string | undefined; }>'.
        Type 'ResolverResult<{ title: string; dayOfWeek: string; startTime: string; endTime: string; color: string; isRecurring: boolean; location?: string | undefined; }, TFieldValues> | Promise<...>' is not assignable to type 'ResolverResult<{ title: string; dayOfWeek: string; startTime: string; endTime: string; color: string; isRecurring: boolean; location?: string | undefined; }, { title: string; dayOfWeek: string; startTime: string; endTime: string; color: string; isRecurring: boolean; location?: string | undefined; }> | Promise<...>'.
          Type 'ResolverSuccess<TFieldValues>' is not assignable to type 'ResolverResult<{ title: string; dayOfWeek: string; startTime: string; endTime: string; color: string; isRecurring: boolean; location?: string | undefined; }, { title: string; dayOfWeek: string; startTime: string; endTime: string; color: string; isRecurring: boolean; location?: string | undefined; }> | Promise<...>'.
            Type 'ResolverSuccess<TFieldValues>' is not assignable to type 'ResolverSuccess<{ title: string; dayOfWeek: string; startTime: string; endTime: string; color: string; isRecurring: boolean; location?: string | undefined; }>'.
              Type 'TFieldValues' is not assignable to type '{ title: string; dayOfWeek: string; startTime: string; endTime: string; color: string; isRecurring: boolean; location?: string | undefined; }'.
                Type 'FieldValues' is missing the following properties from type '{ title: string; dayOfWeek: string; startTime: string; endTime: string; color: string; isRecurring: boolean; location?: string | undefined; }': title, dayOfWeek, startTime, endTime, and 2 more.
src/components/timetable/add-event-dialog.tsx(217,33): error TS2322: Type 'Control<{ title: string; dayOfWeek: string; startTime: string; endTime: string; color: string; isRecurring: boolean; location?: string | undefined; }, any, TFieldValues>' is not assignable to type 'Control<{ title: string; dayOfWeek: string; startTime: string; endTime: string; color: string; isRecurring: boolean; location?: string | undefined; }, any, { title: string; dayOfWeek: string; startTime: string; endTime: string; color: string; isRecurring: boolean; location?: string | undefined; }>'.
  The types of '_options.resolver' are incompatible between these types.
    Type 'Resolver<{ title: string; dayOfWeek: string; startTime: string; endTime: string; color: string; isRecurring: boolean; location?: string | undefined; }, any, TFieldValues> | undefined' is not assignable to type 'Resolver<{ title: string; dayOfWeek: string; startTime: string; endTime: string; color: string; isRecurring: boolean; location?: string | undefined; }, any, { title: string; dayOfWeek: string; startTime: string; endTime: string; color: string; isRecurring: boolean; location?: string | undefined; }> | undefined'.
      Type 'Resolver<{ title: string; dayOfWeek: string; startTime: string; endTime: string; color: string; isRecurring: boolean; location?: string | undefined; }, any, TFieldValues>' is not assignable to type 'Resolver<{ title: string; dayOfWeek: string; startTime: string; endTime: string; color: string; isRecurring: boolean; location?: string | undefined; }, any, { title: string; dayOfWeek: string; startTime: string; endTime: string; color: string; isRecurring: boolean; location?: string | undefined; }>'.
        Type 'ResolverResult<{ title: string; dayOfWeek: string; startTime: string; endTime: string; color: string; isRecurring: boolean; location?: string | undefined; }, TFieldValues> | Promise<...>' is not assignable to type 'ResolverResult<{ title: string; dayOfWeek: string; startTime: string; endTime: string; color: string; isRecurring: boolean; location?: string | undefined; }, { title: string; dayOfWeek: string; startTime: string; endTime: string; color: string; isRecurring: boolean; location?: string | undefined; }> | Promise<...>'.
          Type 'ResolverSuccess<TFieldValues>' is not assignable to type 'ResolverResult<{ title: string; dayOfWeek: string; startTime: string; endTime: string; color: string; isRecurring: boolean; location?: string | undefined; }, { title: string; dayOfWeek: string; startTime: string; endTime: string; color: string; isRecurring: boolean; location?: string | undefined; }> | Promise<...>'.
            Type 'ResolverSuccess<TFieldValues>' is not assignable to type 'ResolverSuccess<{ title: string; dayOfWeek: string; startTime: string; endTime: string; color: string; isRecurring: boolean; location?: string | undefined; }>'.
              Type 'TFieldValues' is not assignable to type '{ title: string; dayOfWeek: string; startTime: string; endTime: string; color: string; isRecurring: boolean; location?: string | undefined; }'.
                Type 'FieldValues' is missing the following properties from type '{ title: string; dayOfWeek: string; startTime: string; endTime: string; color: string; isRecurring: boolean; location?: string | undefined; }': title, dayOfWeek, startTime, endTime, and 2 more.
src/components/timetable/add-event-dialog.tsx(233,33): error TS2322: Type 'Control<{ title: string; dayOfWeek: string; startTime: string; endTime: string; color: string; isRecurring: boolean; location?: string | undefined; }, any, TFieldValues>' is not assignable to type 'Control<{ title: string; dayOfWeek: string; startTime: string; endTime: string; color: string; isRecurring: boolean; location?: string | undefined; }, any, { title: string; dayOfWeek: string; startTime: string; endTime: string; color: string; isRecurring: boolean; location?: string | undefined; }>'.
  The types of '_options.resolver' are incompatible between these types.
    Type 'Resolver<{ title: string; dayOfWeek: string; startTime: string; endTime: string; color: string; isRecurring: boolean; location?: string | undefined; }, any, TFieldValues> | undefined' is not assignable to type 'Resolver<{ title: string; dayOfWeek: string; startTime: string; endTime: string; color: string; isRecurring: boolean; location?: string | undefined; }, any, { title: string; dayOfWeek: string; startTime: string; endTime: string; color: string; isRecurring: boolean; location?: string | undefined; }> | undefined'.
      Type 'Resolver<{ title: string; dayOfWeek: string; startTime: string; endTime: string; color: string; isRecurring: boolean; location?: string | undefined; }, any, TFieldValues>' is not assignable to type 'Resolver<{ title: string; dayOfWeek: string; startTime: string; endTime: string; color: string; isRecurring: boolean; location?: string | undefined; }, any, { title: string; dayOfWeek: string; startTime: string; endTime: string; color: string; isRecurring: boolean; location?: string | undefined; }>'.
        Type 'ResolverResult<{ title: string; dayOfWeek: string; startTime: string; endTime: string; color: string; isRecurring: boolean; location?: string | undefined; }, TFieldValues> | Promise<...>' is not assignable to type 'ResolverResult<{ title: string; dayOfWeek: string; startTime: string; endTime: string; color: string; isRecurring: boolean; location?: string | undefined; }, { title: string; dayOfWeek: string; startTime: string; endTime: string; color: string; isRecurring: boolean; location?: string | undefined; }> | Promise<...>'.
          Type 'ResolverSuccess<TFieldValues>' is not assignable to type 'ResolverResult<{ title: string; dayOfWeek: string; startTime: string; endTime: string; color: string; isRecurring: boolean; location?: string | undefined; }, { title: string; dayOfWeek: string; startTime: string; endTime: string; color: string; isRecurring: boolean; location?: string | undefined; }> | Promise<...>'.
            Type 'ResolverSuccess<TFieldValues>' is not assignable to type 'ResolverSuccess<{ title: string; dayOfWeek: string; startTime: string; endTime: string; color: string; isRecurring: boolean; location?: string | undefined; }>'.
              Type 'TFieldValues' is not assignable to type '{ title: string; dayOfWeek: string; startTime: string; endTime: string; color: string; isRecurring: boolean; location?: string | undefined; }'.
                Type 'FieldValues' is missing the following properties from type '{ title: string; dayOfWeek: string; startTime: string; endTime: string; color: string; isRecurring: boolean; location?: string | undefined; }': title, dayOfWeek, startTime, endTime, and 2 more.
src/components/timetable/add-event-dialog.tsx(246,33): error TS2322: Type 'Control<{ title: string; dayOfWeek: string; startTime: string; endTime: string; color: string; isRecurring: boolean; location?: string | undefined; }, any, TFieldValues>' is not assignable to type 'Control<{ title: string; dayOfWeek: string; startTime: string; endTime: string; color: string; isRecurring: boolean; location?: string | undefined; }, any, { title: string; dayOfWeek: string; startTime: string; endTime: string; color: string; isRecurring: boolean; location?: string | undefined; }>'.
  The types of '_options.resolver' are incompatible between these types.
    Type 'Resolver<{ title: string; dayOfWeek: string; startTime: string; endTime: string; color: string; isRecurring: boolean; location?: string | undefined; }, any, TFieldValues> | undefined' is not assignable to type 'Resolver<{ title: string; dayOfWeek: string; startTime: string; endTime: string; color: string; isRecurring: boolean; location?: string | undefined; }, any, { title: string; dayOfWeek: string; startTime: string; endTime: string; color: string; isRecurring: boolean; location?: string | undefined; }> | undefined'.
      Type 'Resolver<{ title: string; dayOfWeek: string; startTime: string; endTime: string; color: string; isRecurring: boolean; location?: string | undefined; }, any, TFieldValues>' is not assignable to type 'Resolver<{ title: string; dayOfWeek: string; startTime: string; endTime: string; color: string; isRecurring: boolean; location?: string | undefined; }, any, { title: string; dayOfWeek: string; startTime: string; endTime: string; color: string; isRecurring: boolean; location?: string | undefined; }>'.
        Type 'ResolverResult<{ title: string; dayOfWeek: string; startTime: string; endTime: string; color: string; isRecurring: boolean; location?: string | undefined; }, TFieldValues> | Promise<...>' is not assignable to type 'ResolverResult<{ title: string; dayOfWeek: string; startTime: string; endTime: string; color: string; isRecurring: boolean; location?: string | undefined; }, { title: string; dayOfWeek: string; startTime: string; endTime: string; color: string; isRecurring: boolean; location?: string | undefined; }> | Promise<...>'.
          Type 'ResolverSuccess<TFieldValues>' is not assignable to type 'ResolverResult<{ title: string; dayOfWeek: string; startTime: string; endTime: string; color: string; isRecurring: boolean; location?: string | undefined; }, { title: string; dayOfWeek: string; startTime: string; endTime: string; color: string; isRecurring: boolean; location?: string | undefined; }> | Promise<...>'.
            Type 'ResolverSuccess<TFieldValues>' is not assignable to type 'ResolverSuccess<{ title: string; dayOfWeek: string; startTime: string; endTime: string; color: string; isRecurring: boolean; location?: string | undefined; }>'.
              Type 'TFieldValues' is not assignable to type '{ title: string; dayOfWeek: string; startTime: string; endTime: string; color: string; isRecurring: boolean; location?: string | undefined; }'.
                Type 'FieldValues' is missing the following properties from type '{ title: string; dayOfWeek: string; startTime: string; endTime: string; color: string; isRecurring: boolean; location?: string | undefined; }': title, dayOfWeek, startTime, endTime, and 2 more.
src/components/timetable/add-event-dialog.tsx(261,29): error TS2322: Type 'Control<{ title: string; dayOfWeek: string; startTime: string; endTime: string; color: string; isRecurring: boolean; location?: string | undefined; }, any, TFieldValues>' is not assignable to type 'Control<{ title: string; dayOfWeek: string; startTime: string; endTime: string; color: string; isRecurring: boolean; location?: string | undefined; }, any, { title: string; dayOfWeek: string; startTime: string; endTime: string; color: string; isRecurring: boolean; location?: string | undefined; }>'.
  The types of '_options.resolver' are incompatible between these types.
    Type 'Resolver<{ title: string; dayOfWeek: string; startTime: string; endTime: string; color: string; isRecurring: boolean; location?: string | undefined; }, any, TFieldValues> | undefined' is not assignable to type 'Resolver<{ title: string; dayOfWeek: string; startTime: string; endTime: string; color: string; isRecurring: boolean; location?: string | undefined; }, any, { title: string; dayOfWeek: string; startTime: string; endTime: string; color: string; isRecurring: boolean; location?: string | undefined; }> | undefined'.
      Type 'Resolver<{ title: string; dayOfWeek: string; startTime: string; endTime: string; color: string; isRecurring: boolean; location?: string | undefined; }, any, TFieldValues>' is not assignable to type 'Resolver<{ title: string; dayOfWeek: string; startTime: string; endTime: string; color: string; isRecurring: boolean; location?: string | undefined; }, any, { title: string; dayOfWeek: string; startTime: string; endTime: string; color: string; isRecurring: boolean; location?: string | undefined; }>'.
        Type 'ResolverResult<{ title: string; dayOfWeek: string; startTime: string; endTime: string; color: string; isRecurring: boolean; location?: string | undefined; }, TFieldValues> | Promise<...>' is not assignable to type 'ResolverResult<{ title: string; dayOfWeek: string; startTime: string; endTime: string; color: string; isRecurring: boolean; location?: string | undefined; }, { title: string; dayOfWeek: string; startTime: string; endTime: string; color: string; isRecurring: boolean; location?: string | undefined; }> | Promise<...>'.
          Type 'ResolverSuccess<TFieldValues>' is not assignable to type 'ResolverResult<{ title: string; dayOfWeek: string; startTime: string; endTime: string; color: string; isRecurring: boolean; location?: string | undefined; }, { title: string; dayOfWeek: string; startTime: string; endTime: string; color: string; isRecurring: boolean; location?: string | undefined; }> | Promise<...>'.
            Type 'ResolverSuccess<TFieldValues>' is not assignable to type 'ResolverSuccess<{ title: string; dayOfWeek: string; startTime: string; endTime: string; color: string; isRecurring: boolean; location?: string | undefined; }>'.
              Type 'TFieldValues' is not assignable to type '{ title: string; dayOfWeek: string; startTime: string; endTime: string; color: string; isRecurring: boolean; location?: string | undefined; }'.
                Type 'FieldValues' is missing the following properties from type '{ title: string; dayOfWeek: string; startTime: string; endTime: string; color: string; isRecurring: boolean; location?: string | undefined; }': title, dayOfWeek, startTime, endTime, and 2 more.
